### Step 2A
joane@DESKTOP-EBEVAS6 MINGW64 ~
$ pwd
/c/Users/joane


### Step 2B
joane@DESKTOP-EBEVAS6 MINGW64 ~/OneDrive/Desktop
$ pwd
/c/Users/joane/OneDrive/Desktop


### Step 2C
$ cd unit-1-git-practice


### Step 2D
/c/Users/joane/OneDrive/Desktop/unit-1-git-practice

### Step 2E
ls

### Step 2F
my-steps.txt

### Step 2G
cd ~

### Step 2H
/c/Users/joane

### Step 2I
'3D Objects'/         Downloads/              'My Documents'@                                                                                 OneDrive/      'Start Menu'@
 AppData/             Favorites/               NTUSER.DAT                                                                                     PrintHood@      Templates@
'Application Data'@   IntelGraphicsProfiles/   NTUSER.DAT{1c2b59c6-c5f5-11eb-bacb-000d3a96488e}.TM.blf                                        Recent@         Videos/
 Contacts/            Links/                   NTUSER.DAT{1c2b59c6-c5f5-11eb-bacb-000d3a96488e}.TMContainer00000000000000000001.regtrans-ms  'Saved Games'/   ntuser.dat.LOG1
 Cookies@            'Local Settings'@         NTUSER.DAT{1c2b59c6-c5f5-11eb-bacb-000d3a96488e}.TMContainer00000000000000000002.regtrans-ms   Searches/       ntuser.dat.LOG2
 Documents/           Music/                   NetHood@                                                                                       SendTo@         ntuser.ini


### Step 2J
cd ~

### Step 2K
cd /c/Users/joane/OneDrive
cd Desktop
cd unit-1-git-practice

### Step 3A
$ mkdir veggies
$ mkdir meats
$ mkdir desserts

### Step 3B
$ mv desserts sweets
$ ls
meats/  my-steps.txt  sweets/  veggies/

### Step 3C
$ mkdir proteins

### Step 3D
$ mv meats proteins

### Step 3E
$ cd veggies
$ touch carrot.txt
$ touch pea.txt
$ ls
carrot.txt  pea.txt

### Step 3F
$ cd ..
$ cd sweets
$ touch cookie.txt


### Step 3G
$ mv cookie.txt donut.txt
$ ls
donut.txt

### Step 3H
$ cd ..
$ touch thing.txt

### Step 3I
$ cp thing.txt tofu.txt
$ ls
my-steps.txt  proteins/  sweets/  thing.txt  tofu.txt  veggies/

### Step 3J
$ mv tofu.txt proteins


### Step 3K
$ cp thing.txt crab.txt
$ mv crab.txt proteins
$ cd proteins
$ mv crab.txt meats
$ cd meats
$ ls
crab.txt

### Step 3L
$ rm thing.txt
$ ls
my-steps.txt  proteins/  sweets/  veggies/


### Step 3M
$ cp -r veggies plants
$ ls
my-steps.txt  plants/  proteins/  sweets/  veggies/

### Step 3N
$ mkdir drinks
$ ls
drinks/  my-steps.txt  plants/  proteins/  sweets/  veggies/
$ rm -r drinks
$ ls
my-steps.txt  plants/  proteins/  sweets/  veggies/

### Step 4
$ git init
Initialized empty Git repository in C:/Users/joane/OneDrive/Desktop/unit-1-git-practice/.git/
$ git add .
warning: in the working copy of 'my-steps.txt', LF will be replaced by CRLF the next time Git touches it
$ git commit -m 'first commit'
[master (root-commit) 44a2c6e] first commit
 8 files changed, 134 insertions(+)
 create mode 100644 my-steps.txt
 create mode 100644 plants/carrot.txt
 create mode 100644 plants/pea.txt
 create mode 100644 proteins/meats/crab.txt
 create mode 100644 proteins/tofu.txt
 create mode 100644 sweets/donut.txt
 create mode 100644 veggies/carrot.txt
 create mode 100644 veggies/pea.txt


### Step 5
$ git remote add origin https://github.com/Joan-Wolf/unit-1-project.git
git branch -M main
git push -u origin main
error: remote origin already exists.
Enumerating objects: 8, done.
Counting objects: 100% (8/8), done.
Delta compression using up to 8 threads
Compressing objects: 100% (5/5), done.
Writing objects: 100% (8/8), 1.31 KiB | 1.31 MiB/s, done.
Total 8 (delta 0), reused 0 (delta 0), pack-reused 0
To https://github.com/Joan-Wolf/unit-1-project.git
 * [new branch]      main -> main
branch 'main' set up to track 'origin/main'.


### Step 6
$ git status
On branch main
Your branch is up to date with 'origin/main'.

Changes not staged for commit:
  (use "git add <file>..." to update what will be committed)
  (use "git restore <file>..." to discard changes in working directory)
        modified:   my-steps.txt

Untracked files:
  (use "git add <file>..." to include in what will be committed)
        menu.txt

no changes added to commit (use "git add" and/or "git commit -a")
$ git add .
warning: in the working copy of 'my-steps.txt', LF will be replaced by CRLF the next time Git touches it

joane@DESKTOP-EBEVAS6 MINGW64 ~/OneDrive/desktop/unit-1-git-practice (main)
$ git commit -m 'starting a menu'
[main 3322495] starting a menu
 2 files changed, 15 insertions(+)
 create mode 100644 menu.txt

joane@DESKTOP-EBEVAS6 MINGW64 ~/OneDrive/desktop/unit-1-git-practice (main)
$ git push
Enumerating objects: 6, done.
Counting objects: 100% (6/6), done.
Delta compression using up to 8 threads
Compressing objects: 100% (3/3), done.
Writing objects: 100% (4/4), 721 bytes | 721.00 KiB/s, done.
Total 4 (delta 1), reused 0 (delta 0), pack-reused 0
remote: Resolving deltas: 100% (1/1), completed with 1 local object.
To https://github.com/Joan-Wolf/unit-1-project.git
   44a2c6e..3322495  main -> main


### Step 7
*** DO NOT RECORD STEP 7 ***